// Jest Snapshot v1, https://goo.gl/fbAQLP

exports[`renders card unchanged 1`] = `
<div>
  <div
    class="rounded-lg border bg-card text-card-foreground shadow-sm"
  >
    <div
      class="flex flex-col space-y-1.5 p-6"
    >
      <h3
        class="text-2xl font-semibold leading-none tracking-tight"
      >
        Card Title
      </h3>
      <p
        class="text-sm text-muted-foreground"
      >
        Card Description
      </p>
    </div>
    <div
      class="p-6 pt-0"
    >
      <p>
        Card Content
      </p>
    </div>
    <div
      class="flex items-center p-6 pt-0"
    >
      <p>
        Card Footer
      </p>
    </div>
  </div>
</div>
`;
