// Jest Snapshot v1, https://goo.gl/fbAQLP

exports[`renders label unchanged 1`] = `
<div>
  <label>
    Your email address
  </label>
</div>
`;
