// Jest Snapshot v1, https://goo.gl/fbAQLP

exports[`renders separator unchanged 1`] = `
<div>
  <input
    class="flex h-10 w-full rounded-md border border-input bg-background px-3 py-2 text-sm ring-offset-background file:border-0 file:bg-transparent file:text-sm file:font-medium placeholder:text-muted-foreground focus-visible:outline-none focus-visible:ring-2 focus-visible:ring-ring focus-visible:ring-offset-2 disabled:cursor-not-allowed disabled:opacity-50 mt-2 placeholder:opacity-50"
    data-testid="limited-input"
    max="1000"
    min="1"
    placeholder="Number between 1 and 1000"
    type="number"
    value=""
  />
</div>
`;
